I'm sorry, but errors were detected in your script. Please correct the
errors listed below, and try again.


File "game/script.rpy", line 36: choice menuitem expects a non-empty block.
    "Choice 1":
               ^

Ren'Py Version: Ren'Py 8.1.1.23060707
Wed Jun 14 12:19:45 2023
